Component: ARM Compiler 5.06 update 7 (build 960) Tool: armlink [4d3601]

==============================================================================

Section Cross References

    startup.o(RESET) refers to startup.o(STACK) for __initial_sp
    startup.o(RESET) refers to startup.o(.text) for Reset_Handler
    startup.o(.text) refers to startup.o(Static_data) for Ingredient_calories
    startup.o(.text) refers to startup.o(Result) for ordered1


==============================================================================

Removing Unused input sections from the image.

    Removing startup.o(HEAP), (0 bytes).

1 unused section(s) (total 0 bytes) removed from the image.

==============================================================================

Image Symbol Table

    Local Symbols

    Symbol Name                              Value     Ov Type        Size  Object(Section)

    RESET                                    0x00000000   Section      204  startup.o(RESET)
    startup.s                                0x00000000   Number         0  startup.o ABSOLUTE
    .text                                    0x000000d0   Section      344  startup.o(.text)
    Static_data                              0x00000228   Section       96  startup.o(Static_data)
    Ingredient_calories                      0x00000228   Data          40  startup.o(Static_data)
    Ingredient_quantity                      0x00000258   Data          36  startup.o(Static_data)
    .ARM.__at_0x02FC                         0x000002fc   Section        4  startup.o(.ARM.__at_0x02FC)
    Result                                   0x10000000   Section      144  startup.o(Result)
    Calories_ordered                         0x10000000   Data          24  startup.o(Result)
    Quantity_ordered                         0x10000018   Data          24  startup.o(Result)
    ordered1                                 0x10000030   Data          48  startup.o(Result)
    ordered2                                 0x10000060   Data          48  startup.o(Result)
    STACK                                    0x10000090   Section      512  startup.o(STACK)

    Global Symbols

    Symbol Name                              Value     Ov Type        Size  Object(Section)

    BuildAttributes$$THM_ISAv4$P$D$K$B$S$PE$A:L22UL41UL21$X:L11$S22US41US21$IEEE1$IW$USESV6$~STKCKD$USESV7$~SHL$OSPACE$EBA8$STANDARDLIB$PRES8$EABIv2 0x00000000   Number         0  anon$$obj.o ABSOLUTE
    __Vectors                                0x00000000   Data           4  startup.o(RESET)
    Reset_Handler                            0x000000d1   Thumb Code   300  startup.o(.text)
    NMI_Handler                              0x00000215   Thumb Code     2  startup.o(.text)
    HardFault_Handler                        0x00000217   Thumb Code     2  startup.o(.text)
    MemManage_Handler                        0x00000219   Thumb Code     2  startup.o(.text)
    BusFault_Handler                         0x0000021b   Thumb Code     2  startup.o(.text)
    UsageFault_Handler                       0x0000021d   Thumb Code     2  startup.o(.text)
    SVC_Handler                              0x0000021f   Thumb Code     2  startup.o(.text)
    DebugMon_Handler                         0x00000221   Thumb Code     2  startup.o(.text)
    PendSV_Handler                           0x00000223   Thumb Code     2  startup.o(.text)
    SysTick_Handler                          0x00000225   Thumb Code     2  startup.o(.text)
    ADC_IRQHandler                           0x00000227   Thumb Code     0  startup.o(.text)
    BOD_IRQHandler                           0x00000227   Thumb Code     0  startup.o(.text)
    CANActivity_IRQHandler                   0x00000227   Thumb Code     0  startup.o(.text)
    CAN_IRQHandler                           0x00000227   Thumb Code     0  startup.o(.text)
    DMA_IRQHandler                           0x00000227   Thumb Code     0  startup.o(.text)
    EINT0_IRQHandler                         0x00000227   Thumb Code     0  startup.o(.text)
    EINT1_IRQHandler                         0x00000227   Thumb Code     0  startup.o(.text)
    EINT2_IRQHandler                         0x00000227   Thumb Code     0  startup.o(.text)
    EINT3_IRQHandler                         0x00000227   Thumb Code     0  startup.o(.text)
    ENET_IRQHandler                          0x00000227   Thumb Code     0  startup.o(.text)
    I2C0_IRQHandler                          0x00000227   Thumb Code     0  startup.o(.text)
    I2C1_IRQHandler                          0x00000227   Thumb Code     0  startup.o(.text)
    I2C2_IRQHandler                          0x00000227   Thumb Code     0  startup.o(.text)
    I2S_IRQHandler                           0x00000227   Thumb Code     0  startup.o(.text)
    MCPWM_IRQHandler                         0x00000227   Thumb Code     0  startup.o(.text)
    PLL0_IRQHandler                          0x00000227   Thumb Code     0  startup.o(.text)
    PLL1_IRQHandler                          0x00000227   Thumb Code     0  startup.o(.text)
    PWM1_IRQHandler                          0x00000227   Thumb Code     0  startup.o(.text)
    QEI_IRQHandler                           0x00000227   Thumb Code     0  startup.o(.text)
    RIT_IRQHandler                           0x00000227   Thumb Code     0  startup.o(.text)
    RTC_IRQHandler                           0x00000227   Thumb Code     0  startup.o(.text)
    SPI_IRQHandler                           0x00000227   Thumb Code     0  startup.o(.text)
    SSP0_IRQHandler                          0x00000227   Thumb Code     0  startup.o(.text)
    SSP1_IRQHandler                          0x00000227   Thumb Code     0  startup.o(.text)
    TIMER0_IRQHandler                        0x00000227   Thumb Code     0  startup.o(.text)
    TIMER1_IRQHandler                        0x00000227   Thumb Code     0  startup.o(.text)
    TIMER2_IRQHandler                        0x00000227   Thumb Code     0  startup.o(.text)
    TIMER3_IRQHandler                        0x00000227   Thumb Code     0  startup.o(.text)
    UART0_IRQHandler                         0x00000227   Thumb Code     0  startup.o(.text)
    UART1_IRQHandler                         0x00000227   Thumb Code     0  startup.o(.text)
    UART2_IRQHandler                         0x00000227   Thumb Code     0  startup.o(.text)
    UART3_IRQHandler                         0x00000227   Thumb Code     0  startup.o(.text)
    USBActivity_IRQHandler                   0x00000227   Thumb Code     0  startup.o(.text)
    USB_IRQHandler                           0x00000227   Thumb Code     0  startup.o(.text)
    WDT_IRQHandler                           0x00000227   Thumb Code     0  startup.o(.text)
    __initial_sp                             0x10000290   Data           0  startup.o(STACK)



==============================================================================

Memory Map of the image

  Image Entry point : 0x000000d1

  Load Region LR_1 (Base: 0x00000000, Size: 0x00000390, Max: 0xffffffff, ABSOLUTE)

    Execution Region ER_RO (Exec base: 0x00000000, Load base: 0x00000000, Size: 0x00000300, Max: 0xffffffff, ABSOLUTE)

    Exec Addr    Load Addr    Size         Type   Attr      Idx    E Section Name        Object

    0x00000000   0x00000000   0x000000cc   Data   RO            3    RESET               startup.o
    0x000000cc   0x000000cc   0x00000004   PAD
    0x000000d0   0x000000d0   0x00000158   Code   RO            7  * .text               startup.o
    0x00000228   0x00000228   0x00000060   Data   RO            5    Static_data         startup.o
    0x00000288   0x00000288   0x00000074   PAD
    0x000002fc   0x000002fc   0x00000004   Code   RO            4    .ARM.__at_0x02FC    startup.o


    Execution Region ER_RW (Exec base: 0x10000000, Load base: 0x00000300, Size: 0x00000090, Max: 0xffffffff, ABSOLUTE)

    Exec Addr    Load Addr    Size         Type   Attr      Idx    E Section Name        Object

    0x10000000   0x00000300   0x00000090   Data   RW            6    Result              startup.o


    Execution Region ER_ZI (Exec base: 0x10000090, Load base: 0x00000390, Size: 0x00000200, Max: 0xffffffff, ABSOLUTE)

    Exec Addr    Load Addr    Size         Type   Attr      Idx    E Section Name        Object

    0x10000090        -       0x00000200   Zero   RW            1    STACK               startup.o


==============================================================================

Image component sizes


      Code (inc. data)   RO Data    RW Data    ZI Data      Debug   Object Name

       348         28        300        144        512       1216   startup.o

    ----------------------------------------------------------------------
       348         28        420        144        512       1216   Object Totals
         0          0          0          0          0          0   (incl. Generated)
         0          0        120          0          0          0   (incl. Padding)

    ----------------------------------------------------------------------
         0          0          0          0          0          0   Library Totals
         0          0          0          0          0          0   (incl. Padding)

    ----------------------------------------------------------------------

==============================================================================


      Code (inc. data)   RO Data    RW Data    ZI Data      Debug   

       348         28        420        144        512       1216   Grand Totals
       348         28        420        144        512       1216   ELF Image Totals
       348         28        420        144          0          0   ROM Totals

==============================================================================

    Total RO  Size (Code + RO Data)                  768 (   0.75kB)
    Total RW  Size (RW Data + ZI Data)               656 (   0.64kB)
    Total ROM Size (Code + RO Data + RW Data)        912 (   0.89kB)

==============================================================================

