


ARM Macro Assembler    Page 1 


    1 00000000         
    2 00000000                 AREA             asm_function, CODE, READONLY
    3 00000000         ; EXPORT function_name
    4 00000000         
    5 00000000         ; save current SP for a faster access to parameters in t
                       he stack
    6 00000000 46EC            MOV              r12, sp
    7 00000002         ; save volatile registers
    8 00000002 E92D 4DF0       STMFD            sp!,{r4-r8,r10-r11,lr}
    9 00000006         
   10 00000006         
   11 00000006         
   12 00000006         ; restore volatile registers
   13 00000006 E8BD 8DF0 
                       fine    LDMFD            sp!,{r4-r8,r10-r11,pc}
   14 0000000A         
   15 0000000A                 END
Command Line: --debug --xref --diag_suppress=9931 --cpu=Cortex-M3 --apcs=interw
ork --depend=.\asm_function.d -o.\asm_function.o -I.\RTE\_Target_1 -IC:\Users\A
SUS\AppData\Local\Arm\Packs\ARM\CMSIS\5.9.0\CMSIS\Core\Include -IC:\Users\ASUS\
AppData\Local\Arm\Packs\Keil\LPC1700_DFP\2.7.1\Device\Include --predefine="__EV
AL SETA 1" --predefine="__UVISION_VERSION SETA 536" --predefine="_RTE_ SETA 1" 
--predefine="LPC175x_6x SETA 1" --predefine="_RTE_ SETA 1" --list=.\asm_functio
n.lst asm_function.s



ARM Macro Assembler    Page 1 Alphabetic symbol ordering
Relocatable symbols

asm_function 00000000

Symbol: asm_function
   Definitions
      At line 2 in file asm_function.s
   Uses
      None
Comment: asm_function unused
fine 00000006

Symbol: fine
   Definitions
      At line 13 in file asm_function.s
   Uses
      None
Comment: fine unused
2 symbols
336 symbols in table
